// Jest Snapshot v1, https://goo.gl/fbAQLP

exports[`Layout renders correctly 1`] = `
<div>
  <header
    class="sc-bgqQcB jDvmPV shadow-md w-full top-0 left-0 bg-navbarBg border border-white"
  >
    <ul
      class="flex items-center justify-between py-4 px-10 text-white"
    >
      <a
        aria-current="page"
        class="active"
        href="/"
      >
        <ion-icon
          name="arrow-back-outline"
        />
      </a>
      <li
        class="px-4 text-center"
      >
        Income Statement viewer
      </li>
      <li
        class="flex gap-1 md:gap-6"
      >
        <span>
          <ion-icon
            name="mic-outline"
          />
        </span>
        <span>
          <ion-icon
            name="settings-outline"
          />
        </span>
      </li>
    </ul>
  </header>
</div>
`;

exports[`Navbar renders correctly 1`] = `
<div>
  <header
    class="sc-bgqQcB jDvmPV shadow-md w-full top-0 left-0 bg-navbarBg border border-white"
  >
    <ul
      class="flex items-center justify-between py-4 px-10 text-white"
    >
      <a
        aria-current="page"
        class="active"
        href="/"
      >
        <ion-icon
          name="arrow-back-outline"
        />
      </a>
      <li
        class="px-4 text-center"
      >
        Income Statement viewer
      </li>
      <li
        class="flex gap-1 md:gap-6"
      >
        <span>
          <ion-icon
            name="mic-outline"
          />
        </span>
        <span>
          <ion-icon
            name="settings-outline"
          />
        </span>
      </li>
    </ul>
  </header>
</div>
`;
